[validthemes.live/themeforest/digilab/index-1.html]
[backblue.gif]
[fade.gif]
[index.html]
[validthemes.live/themeforest/digilab/assets/img/favicon.png]
[validthemes.live/themeforest/digilab/assets/css/bootstrap.min.css]
[validthemes.live/themeforest/digilab/assets/css/font-awesome.min.css]
[validthemes.live/themeforest/digilab/assets/css/themify-icons.css]
[validthemes.live/themeforest/digilab/assets/css/flaticon-set.css]
[validthemes.live/themeforest/digilab/assets/css/magnific-popup.css]
[validthemes.live/themeforest/digilab/assets/css/owl.carousel.min.css]
[validthemes.live/themeforest/digilab/assets/css/owl.theme.default.min.css]
[validthemes.live/themeforest/digilab/assets/css/animate.css]
[validthemes.live/themeforest/digilab/assets/css/bootsnav.css]
[validthemes.live/themeforest/digilab/assets/css/responsive.css]
[validthemes.live/themeforest/digilab/index.html]
[validthemes.live/themeforest/digilab/assets/img/logo.png]
[validthemes.live/themeforest/digilab/style.css]
[validthemes.live/themeforest/digilab/index-2.html]
[validthemes.live/themeforest/digilab/index-3.html]
[validthemes.live/themeforest/digilab/index-4.html]
[validthemes.live/themeforest/digilab/index-5.html]
[validthemes.live/themeforest/digilab/about-us.html]
[validthemes.live/themeforest/digilab/team.html]
[validthemes.live/themeforest/digilab/team-carousel.html]
[validthemes.live/themeforest/digilab/contact.html]
[validthemes.live/themeforest/digilab/process.html]
[validthemes.live/themeforest/digilab/faq.html]
[validthemes.live/themeforest/digilab/login.html]
[validthemes.live/themeforest/digilab/register.html]
[validthemes.live/themeforest/digilab/404.html]
[validthemes.live/themeforest/digilab/services.html]
[validthemes.live/themeforest/digilab/services-2.html]
[validthemes.live/themeforest/digilab/services-3.html]
[validthemes.live/themeforest/digilab/services-4.html]
[validthemes.live/themeforest/digilab/case-studies.html]
[validthemes.live/themeforest/digilab/blog-standard.html]
[validthemes.live/themeforest/digilab/blog-with-sidebar.html]
[validthemes.live/themeforest/digilab/blog-2-colum.html]
[validthemes.live/themeforest/digilab/blog-3-colum.html]
[validthemes.live/themeforest/digilab/blog-single.html]
[validthemes.live/themeforest/digilab/blog-single-with-sidebar.html]
[validthemes.live/themeforest/digilab/assets/img/shape/13.png]
[validthemes.live/themeforest/digilab/assets/img/illustration/2.png]
[validthemes.live/themeforest/digilab/assets/img/shape/4.png]
[validthemes.live/themeforest/digilab/assets/img/illustration/7.png]
[validthemes.live/themeforest/digilab/assets/img/shape/1.svg]
[validthemes.live/themeforest/digilab/assets/img/illustration/3.png]
[validthemes.live/themeforest/digilab/assets/img/case/1.jpg]
[validthemes.live/themeforest/digilab/assets/img/case/2.jpg]
[validthemes.live/themeforest/digilab/assets/img/case/6.jpg]
[validthemes.live/themeforest/digilab/assets/img/clients/01.png]
[validthemes.live/themeforest/digilab/assets/img/map.svg]
[validthemes.live/themeforest/digilab/assets/img/clients/02.png]
[validthemes.live/themeforest/digilab/assets/img/clients/03.png]
[validthemes.live/themeforest/digilab/assets/img/shape/9.png]
[validthemes.live/themeforest/digilab/assets/img/team/1.jpg]
[validthemes.live/themeforest/digilab/assets/img/team/2.jpg]
[validthemes.live/themeforest/digilab/assets/img/team/3.jpg]
[validthemes.live/themeforest/digilab/assets/img/team/7.jpg]
[validthemes.live/themeforest/digilab/assets/img/blog/5.jpg]
[validthemes.live/themeforest/digilab/assets/img/blog/2.jpg]
[validthemes.live/themeforest/digilab/assets/img/blog/3.jpg]
[validthemes.live/themeforest/digilab/assets/img/logo-light.png]
[validthemes.live/themeforest/digilab/assets/js/jquery-1.12.4.min.js]
[validthemes.live/themeforest/digilab/assets/js/popper.min.js]
[validthemes.live/themeforest/digilab/assets/js/bootstrap.min.js]
[validthemes.live/themeforest/digilab/assets/js/equal-height.min.js]
[validthemes.live/themeforest/digilab/assets/js/jquery.appear.js]
[validthemes.live/themeforest/digilab/assets/js/jquery.easing.min.js]
[validthemes.live/themeforest/digilab/assets/js/jquery.magnific-popup.min.js]
[validthemes.live/themeforest/digilab/assets/js/modernizr.custom.13711.js]
[validthemes.live/themeforest/digilab/assets/js/owl.carousel.min.js]
[validthemes.live/themeforest/digilab/assets/js/wow.min.js]
[validthemes.live/themeforest/digilab/assets/js/progress-bar.min.js]
[validthemes.live/themeforest/digilab/assets/js/isotope.pkgd.min.js]
[validthemes.live/themeforest/digilab/assets/js/imagesloaded.pkgd.min.js]
[validthemes.live/themeforest/digilab/assets/js/count-to.js]
[validthemes.live/themeforest/digilab/assets/js/YTPlayer.min.js]
[validthemes.live/themeforest/digilab/assets/js/progresscircle.js]
[validthemes.live/themeforest/digilab/assets/js/bootsnav.js]
[validthemes.live/themeforest/digilab/assets/js/main.js]
[validthemes.live/themeforest/digilab/index-1.html]
[validthemes.live/themeforest/digilab/assets/css/bootstrap.min.css]
[validthemes.live/themeforest/digilab/assets/fonts/fa-brands-400.eot]
[validthemes.live/themeforest/digilab/assets/fonts/fa-brands-400d41d.eot]
[validthemes.live/themeforest/digilab/assets/fonts/fa-brands-400.woff2]
[validthemes.live/themeforest/digilab/assets/fonts/fa-brands-400.woff]
[validthemes.live/themeforest/digilab/assets/fonts/fa-brands-400.ttf]
[validthemes.live/themeforest/digilab/assets/fonts/fa-regular-400.eot]
[validthemes.live/themeforest/digilab/assets/fonts/fa-regular-400d41d.eot]
[validthemes.live/themeforest/digilab/assets/fonts/fa-regular-400.woff2]
[validthemes.live/themeforest/digilab/assets/fonts/fa-regular-400.woff]
[validthemes.live/themeforest/digilab/assets/fonts/fa-regular-400.ttf]
[validthemes.live/themeforest/digilab/assets/fonts/fa-solid-900.eot]
[validthemes.live/themeforest/digilab/assets/fonts/fa-solid-900d41d.eot]
[validthemes.live/themeforest/digilab/assets/fonts/fa-solid-900.woff2]
[validthemes.live/themeforest/digilab/assets/fonts/fa-solid-900.woff]
[validthemes.live/themeforest/digilab/assets/fonts/fa-solid-900.ttf]
[validthemes.live/themeforest/digilab/assets/css/font-awesome.min.css]
[validthemes.live/themeforest/digilab/assets/fonts/themify9f24.eot]
[validthemes.live/themeforest/digilab/assets/fonts/themifyd41d.eot]
[validthemes.live/themeforest/digilab/assets/fonts/themify9f24.woff]
[validthemes.live/themeforest/digilab/assets/fonts/themify9f24.ttf]
[validthemes.live/themeforest/digilab/assets/css/themify-icons.css]
[validthemes.live/themeforest/digilab/assets/fonts/Flaticon.eot]
[validthemes.live/themeforest/digilab/assets/fonts/themify9f24.svg]
[validthemes.live/themeforest/digilab/assets/fonts/Flaticond41d.eot]
[validthemes.live/themeforest/digilab/assets/fonts/Flaticon.woff]
[validthemes.live/themeforest/digilab/assets/fonts/Flaticon.ttf]
[validthemes.live/themeforest/digilab/assets/css/flaticon-set.css]
[validthemes.live/themeforest/digilab/assets/css/magnific-popup.css]
[validthemes.live/themeforest/digilab/assets/css/owl.carousel.min.css]
[validthemes.live/themeforest/digilab/assets/css/owl.theme.default.min.css]
[validthemes.live/themeforest/digilab/assets/css/animate.css]
[validthemes.live/themeforest/digilab/assets/css/bootsnav.css]
[validthemes.live/themeforest/digilab/assets/img/shape/dotted-bg.png]
[validthemes.live/themeforest/digilab/assets/img/shape/border-shape.png]
[validthemes.live/themeforest/digilab/assets/img/shape/shape-blue.png]
[validthemes.live/themeforest/digilab/assets/fonts/Flaticon.svg]
[validthemes.live/themeforest/digilab/assets/img/shape/shape-eastern-blue.png]
[validthemes.live/themeforest/digilab/assets/img/shape/shape-orange.png]
[validthemes.live/themeforest/digilab/assets/img/shape/shape-2.png]
[validthemes.live/themeforest/digilab/assets/img/shape/brush.svg]
[validthemes.live/themeforest/digilab/assets/img/shape/icon-shape.png]
[validthemes.live/themeforest/digilab/assets/img/shape/round-shape.png]
[validthemes.live/themeforest/digilab/style.css]
[validthemes.live/themeforest/digilab/assets/css/responsive.css]
[validthemes.live/themeforest/digilab/assets/img/banner/1.jpg]
[validthemes.live/themeforest/digilab/assets/img/logo-light-large.png]
[validthemes.live/themeforest/digilab/assets/img/demo/index-2.jpg]
[validthemes.live/themeforest/digilab/assets/img/demo/index-1.jpg]
[validthemes.live/themeforest/digilab/assets/img/demo/index-3.jpg]
[validthemes.live/themeforest/digilab/assets/img/demo/index-4.jpg]
[validthemes.live/themeforest/digilab/assets/img/demo/index-5.jpg]
[validthemes.live/themeforest/digilab/index.html]
[validthemes.live/themeforest/digilab/assets/img/lan-eng.png]
[validthemes.live/themeforest/digilab/assets/img/logo-eastern-blue.png]
[validthemes.live/themeforest/digilab/assets/img/shape/bg-1.png]
[validthemes.live/themeforest/digilab/assets/img/illustration/12.png]
[validthemes.live/themeforest/digilab/assets/img/illustration/speed-icon.png]
[validthemes.live/themeforest/digilab/assets/img/clients/1.png]
[validthemes.live/themeforest/digilab/assets/img/clients/2.png]
[validthemes.live/themeforest/digilab/assets/img/clients/3.png]
[validthemes.live/themeforest/digilab/assets/img/clients/4.png]
[validthemes.live/themeforest/digilab/assets/img/clients/5.png]
[validthemes.live/themeforest/digilab/assets/img/illustration/14.png]
[validthemes.live/themeforest/digilab/assets/img/shape/10.png]
[validthemes.live/themeforest/digilab/assets/img/team/4.jpg]
[validthemes.live/themeforest/digilab/index-2.html]
[validthemes.live/themeforest/digilab/assets/img/logo-orange.png]
[validthemes.live/themeforest/digilab/assets/img/shape/bg-2.png]
[validthemes.live/themeforest/digilab/assets/img/illustration/8.png]
[validthemes.live/themeforest/digilab/assets/img/illustration/44.png]
[validthemes.live/themeforest/digilab/assets/img/shape/12.png]
[validthemes.live/themeforest/digilab/index-3.html]
[validthemes.live/themeforest/digilab/assets/img/logo-cornflower-blue.png]
[validthemes.live/themeforest/digilab/assets/img/shape/bg-3.png]
[validthemes.live/themeforest/digilab/assets/img/illustration/5.png]
[validthemes.live/themeforest/digilab/assets/img/illustration/17.png]
[validthemes.live/themeforest/digilab/index-4.html]
[validthemes.live/themeforest/digilab/assets/img/shape/bg-5.png]
[validthemes.live/themeforest/digilab/assets/img/illustration/13.png]
[validthemes.live/themeforest/digilab/index-5.html]
[validthemes.live/themeforest/digilab/assets/img/shape/bg-4.png]
[validthemes.live/themeforest/digilab/about-us.html]
[validthemes.live/themeforest/digilab/assets/img/team/5.jpg]
[validthemes.live/themeforest/digilab/assets/img/team/6.jpg]
[validthemes.live/themeforest/digilab/assets/img/team/8.jpg]
[validthemes.live/themeforest/digilab/team.html]
[validthemes.live/themeforest/digilab/team-carousel.html]
[validthemes.live/themeforest/digilab/contact.html]
[validthemes.live/themeforest/digilab/process.html]
[validthemes.live/themeforest/digilab/faq.html]
[validthemes.live/themeforest/digilab/login.html]
[validthemes.live/themeforest/digilab/register.html]
[validthemes.live/themeforest/digilab/assets/img/illustration/404.png]
[validthemes.live/themeforest/digilab/404.html]
[validthemes.live/themeforest/digilab/services.html]
[validthemes.live/themeforest/digilab/services-2.html]
[validthemes.live/themeforest/digilab/services-3.html]
[validthemes.live/themeforest/digilab/services-4.html]
[validthemes.live/themeforest/digilab/assets/img/case/3.jpg]
[validthemes.live/themeforest/digilab/assets/img/case/4.jpg]
[validthemes.live/themeforest/digilab/assets/img/case/5.jpg]
[validthemes.live/themeforest/digilab/case-studies.html]
[validthemes.live/themeforest/digilab/assets/img/blog/11.jpg]
[validthemes.live/themeforest/digilab/assets/img/blog/22.jpg]
[validthemes.live/themeforest/digilab/assets/img/blog/33.jpg]
[validthemes.live/themeforest/digilab/blog-standard.html]
[validthemes.live/themeforest/digilab/assets/img/sidebar/1.jpg]
[validthemes.live/themeforest/digilab/assets/img/sidebar/2.jpg]
[validthemes.live/themeforest/digilab/assets/img/sidebar/3.jpg]
[validthemes.live/themeforest/digilab/assets/img/sidebar/4.jpg]
[validthemes.live/themeforest/digilab/assets/img/sidebar/5.jpg]
[validthemes.live/themeforest/digilab/assets/img/sidebar/6.jpg]
[validthemes.live/themeforest/digilab/assets/img/sidebar/7.jpg]
[validthemes.live/themeforest/digilab/blog-with-sidebar.html]
[validthemes.live/themeforest/digilab/assets/img/blog/1.jpg]
[validthemes.live/themeforest/digilab/assets/img/blog/4.jpg]
[validthemes.live/themeforest/digilab/blog-2-colum.html]
[validthemes.live/themeforest/digilab/assets/img/blog/6.jpg]
[validthemes.live/themeforest/digilab/blog-3-colum.html]
[validthemes.live/themeforest/digilab/blog-single.html]
[validthemes.live/themeforest/digilab/blog-single-with-sidebar.html]
[validthemes.live/themeforest/digilab/assets/img/shape/1.svg]
[validthemes.live/themeforest/digilab/assets/img/map.svg]
[validthemes.live/themeforest/digilab/assets/img/clients/04.png]
[validthemes.live/themeforest/digilab/assets/fonts/fa-brands-400.html]
[validthemes.live/themeforest/digilab/assets/fonts/fa-regular-400.html]
[validthemes.live/themeforest/digilab/assets/fonts/fa-solid-900.html]
[validthemes.live/themeforest/digilab/assets/fonts/themify9f24.svg]
[validthemes.live/themeforest/digilab/assets/fonts/Flaticon.svg]
[validthemes.live/themeforest/digilab/assets/css/Flaticon.html]
[validthemes.live/themeforest/digilab/assets/css/owl.video.play.html]
[validthemes.live/themeforest/digilab/assets/img/shape/brush.svg]
[validthemes.live/themeforest/digilab/assets/js/typed.html]
[validthemes.live/themeforest/digilab/assets/img/shape/8.png]
[validthemes.live/themeforest/digilab/assets/img/clients/05.png]
